[stats] reference n=8192, 6000 curves, 24 threads...
[stats] n=    8 M=16000  0.0s  medErr WITHOUT -0.994 WITH +0.1446 [+0.1327,+0.1591]  occL1 WITHOUT 0.994 WITH 0.1792 [0.1733,0.1857] floor 0.0111  N/n^1.75=3.5374
[stats] n=   16 M=16000  0.0s  medErr WITHOUT -0.990 WITH +0.0669 [+0.0461,+0.0789]  occL1 WITHOUT 0.990 WITH 0.0916 [0.0875,0.0990] floor 0.0109  N/n^1.75=3.3117
[stats] n=   32 M=16000  0.0s  medErr WITHOUT -0.984 WITH +0.0322 [+0.0196,+0.0496]  occL1 WITHOUT 0.984 WITH 0.0470 [0.0450,0.0549] floor 0.0108  N/n^1.75=3.2088
[stats] n=   64 M=16000  0.0s  medErr WITHOUT -0.973 WITH +0.0088 [-0.0047,+0.0251]  occL1 WITHOUT 0.973 WITH 0.0277 [0.0262,0.0355] floor 0.0107  N/n^1.75=3.1473
[stats] n=  128 M=16000  0.1s  medErr WITHOUT -0.956 WITH -0.0006 [-0.0132,+0.0157]  occL1 WITHOUT 0.956 WITH 0.0154 [0.0148,0.0242] floor 0.0107  N/n^1.75=3.1140
[stats] n=  256 M=16000  0.3s  medErr WITHOUT -0.926 WITH +0.0023 [-0.0112,+0.0191]  occL1 WITHOUT 0.926 WITH 0.0125 [0.0125,0.0220] floor 0.0107  N/n^1.75=3.1094
[stats] n=  512 M=16000  1.1s  medErr WITHOUT -0.875 WITH -0.0036 [-0.0168,+0.0111]  occL1 WITHOUT 0.875 WITH 0.0107 [0.0114,0.0195] floor 0.0107  N/n^1.75=3.1072
[stats] n= 1024 M=12000  2.8s  medErr WITHOUT -0.793 WITH -0.0161 [-0.0313,+0.0001]  occL1 WITHOUT 0.793 WITH 0.0160 [0.0130,0.0264] floor 0.0111  N/n^1.75=3.0726
[stats] n= 2048 M= 8000  6.4s  medErr WITHOUT -0.654 WITH -0.0203 [-0.0352,-0.0020]  occL1 WITHOUT 0.651 WITH 0.0162 [0.0143,0.0272] floor 0.0120  N/n^1.75=3.0715
[stats] n= 4096 M= 4000  11.6s  medErr WITHOUT -0.403 WITH +0.0035 [-0.0154,+0.0188]  occL1 WITHOUT 0.408 WITH 0.0123 [0.0143,0.0244] floor 0.0144  N/n^1.75=3.1041
[stats] n= 8192 M= 3000  26.1s  medErr WITHOUT -0.001 WITH -0.0009 [-0.0194,+0.0182]  occL1 WITHOUT 0.011 WITH 0.0110 [0.0150,0.0250] floor 0.0157  N/n^1.75=3.0950
[time] n=8 ... 2249069 curves/side, median 0.0006 / 0.0006 ms
[time] n=16 ... 688323 curves/side, median 0.0020 / 0.0020 ms
[time] n=32 ... 211491 curves/side, median 0.0065 / 0.0066 ms
[time] n=64 ... 60773 curves/side, median 0.0233 / 0.0233 ms
[time] n=128 ... 16945 curves/side, median 0.0847 / 0.0847 ms
[time] n=256 ... 4807 curves/side, median 0.3007 / 0.3005 ms
[time] n=512 ... 1418 curves/side, median 1.0113 / 1.0096 ms
[time] n=1024 ... 445 curves/side, median 3.2691 / 3.2625 ms
[time] n=2048 ... 121 curves/side, median 12.1748 / 12.2096 ms
[time] n=4096 ... 38 curves/side, median 41.3522 / 40.3383 ms
[time] n=8192 ... 15 curves/side, median 106.5710 / 112.7871 ms
[time] n=16384 ... 15 curves/side, median 359.0025 / 375.0220 ms

L3-fractal-ladder sweep  (reference n=8192, 6000 curves; threads for timing: 1 per side; stats: 24 threads, untimed)
     n  curves  WITHOUT ms     WITH ms  ratio frames |   medErr WITHOUT      medErr WITH |    occL1 WITHOUT       occL1 WITH | N/n^1.75
     8   16000      0.0006      0.0006  1.000 2249069 |          -99.37%          +14.46% |           99.37%           17.92% |  3.5374
    16   16000      0.0020      0.0020  1.000 688323 |          -99.01%           +6.69% |           99.01%            9.16% |  3.3117
    32   16000      0.0065      0.0066  0.985 211491 |          -98.39%           +3.22% |           98.39%            4.70% |  3.2088
    64   16000      0.0233      0.0233  1.000  60773 |          -97.35%           +0.88% |           97.35%            2.77% |  3.1473
   128   16000      0.0847      0.0847  1.000  16945 |          -95.58%           -0.06% |           95.58%            1.54% |  3.1140
   256   16000      0.3007      0.3005  1.001   4807 |          -92.55%           +0.23% |           92.58%            1.25% |  3.1094
   512   16000      1.0113      1.0096  1.002   1418 |          -87.54%           -0.36% |           87.53%            1.07% |  3.1072
  1024   12000      3.2691      3.2625  1.002    445 |          -79.32%           -1.61% |           79.27%            1.60% |  3.0726
  2048    8000     12.1748     12.2096  0.997    121 |          -65.36%           -2.03% |           65.15%            1.62% |  3.0715
  4096    4000     41.3522     40.3383  1.025     38 |          -40.33%           +0.35% |           40.76%            1.23% |  3.1041
  8192    3000    106.5710    112.7871  0.945     15 |           -0.09%           -0.09% |            1.10%            1.10% |  3.0950
 16384       -    359.0025    375.0220  0.957     15 | (timing only)
reference N/n^1.75 = 3.1158 +- 0.0130
cost exponent (median ms vs n): all 1.761 / 1.764, n>=256 1.706 / 1.718;  steps exponent (mean N vs n) 1.7355
cost to target (|median err| <= 5%, occupation L1 <= 10%):
  WITHOUT point: n=8192 (106.5710 ms/curve)
  WITH point: n=32 (0.0065 ms/curve)
  WITHOUT CI: n=8192 (106.5710 ms/curve)
  WITH CI: n=32 (0.0065 ms/curve)
  target med<=1% occ<=2%: WITHOUT n=8192 (CI null), WITH n=128 (CI null)
  target med<=2% occ<=4%: WITHOUT n=8192 (CI 8192), WITH n=64 (CI 128)
  target med<=3% occ<=6%: WITHOUT n=8192 (CI 8192), WITH n=64 (CI 64)
  target med<=5% occ<=10%: WITHOUT n=8192 (CI 8192), WITH n=32 (CI 32)
  target med<=10% occ<=20%: WITHOUT n=8192 (CI 8192), WITH n=16 (CI 16)
  target med<=20% occ<=40%: WITHOUT n=8192 (CI 8192), WITH n=8 (CI 8)
wrote L3-fractal-ladder/out/ladder.json (152.0 s)
